// Jest Snapshot v1, https://goo.gl/fbAQLP

exports[`should render AddMenuItem correctly 1`] = `
<div>
  <h1>
    Add Menu Item
  </h1>
  <MenuItemForm
    onSubmit={[Function]}
  />
</div>
`;
